// Jest Snapshot v1, https://goo.gl/fbAQLP

exports[`<Banner /> should render correctely 1`] = `
.c5 {
  display: -webkit-inline-box;
  display: -webkit-inline-flex;
  display: -ms-inline-flexbox;
  display: inline-flex;
  -webkit-align-items: center;
  -webkit-box-align: center;
  -ms-flex-align: center;
  align-items: center;
  -webkit-box-pack: center;
  -webkit-justify-content: center;
  -ms-flex-pack: center;
  justify-content: center;
  background-image: linear-gradient(180deg,#ff5f5f 0%,#f062c0 50%);
  color: #FAFAFA;
  border: 0;
  cursor: pointer;
  border-radius: 0.4rem;
  -webkit-text-decoration: none;
  text-decoration: none;
  padding: 0.8rem;
  height: 5rem;
  font-size: 1.6rem;
  padding: 0.8rem 4.8rem;
}

.c5:hover {
  background: linear-gradient(180deg,#e35568 0%,#d958a6 50%);
}

.c0 {
  position: relative;
}

.c1 {
  width: 100%;
  height: 23rem;
  background-color: #EAEAEA;
  background-image: url(https://s.aficionados.com.br/imagens/hunter-x-hunter-conheca-os-personagens-do-iconico-anime_f.jpg);
  background-position: center center;
  background-size: cover;
}

.c2 {
  width: 100%;
  background-color: rgba(0,0,0,0.7);
  padding: 2.4rem;
}

.c3 {
  font-size: 1.8rem;
  font-weight: 600;
  color: #FAFAFA;
}

.c4 {
  font-size: 1.4rem;
  font-weight: 400;
  color: #FAFAFA;
  margin-bottom: 0.8rem;
}

.c4 strong {
  color: #F231A5;
  font-weight: 600;
}

@media (min-width:768px) {
  .c0 {
    box-shadow: 0 0.4rem 0.5rem 0 rgba(0,0,0,0.2);
  }
}

@media (max-width:1170px) {
  .c0 .sc-gsTCUz {
    right: 0;
  }

  .c0 .sc-gsTCUz::before {
    display: none;
  }
}

@media (min-width:768px) {
  .c1 {
    height: 58rem;
  }
}

@media (min-width:768px) {
  .c2 {
    border-radius: 0 0 0.4rem 0.4rem;
    padding: 4.0rem;
    position: absolute;
    bottom: 0;
    left: 0;
  }
}

@media (min-width:768px) {
  .c3 {
    font-size: 2.8rem;
  }
}

@media (min-width:768px) {
  .c4 {
    font-size: 1.8rem;
  }
}

<main
  class="c0"
>
  <div
    aria-label="Hunter x Hunter"
    class="c1"
    role="img"
    src="https://s.aficionados.com.br/imagens/hunter-x-hunter-conheca-os-personagens-do-iconico-anime_f.jpg"
  />
  <div
    class="c2"
  >
    <h2
      class="c3"
    >
      Hunter x Hunter
    </h2>
    <h3
      class="c4"
    >
      <p>
        Watch the new 
        <strong>
          Game
        </strong>
         of the perfect anime hunter x hunter
      </p>
    </h3>
    <a
      class="c5"
      href="/games/hunter-x-hunter"
    >
      <span>
        Buy now
      </span>
    </a>
  </div>
</main>
`;
